[jsoneditoronline.org/index.html]
[backblue.gif]
[fade.gif]
[index.html]
[jsoneditoronline.org/favicon.png]
[jsoneditoronline.org/manifest.json]
[jsoneditoronline.org/sitemap-index.xml]
[jsoneditoronline.org/rss.xml]
[jsoneditoronline.org/images/icon_256.png]
[jsoneditoronline.org/_astro/about.BypuwuXl.css]
[jsoneditoronline.org/_astro/JSONEditorModal_svelte_svelte_type_style_lang.BTMSepaS.css]
[jsoneditoronline.org/_astro/JSONNode_svelte_svelte_type_style_lang.BoNv-YGB.css]
[jsoneditoronline.org/_astro/Select_svelte_svelte_type_style_lang.BlsuIUgM.css]
[jsoneditoronline.org/_astro/TableMode_svelte_svelte_type_style_lang.L0XTW6cY.css]
[jsoneditoronline.org/_astro/TextMode_svelte_svelte_type_style_lang.0k_ncflb.css]
[jsoneditoronline.org/_astro/TransformModal_svelte_svelte_type_style_lang.Bolwy2Kc.css]
[jsoneditoronline.org/_astro/App.DztbREUB.css]
[jsoneditoronline.org/_astro/JSONEditorPanel.DFsqhqUZ.css]
[jsoneditoronline.org/images/logo.png]
[jsoneditoronline.org/t.html]
[jsoneditoronline.org/service-worker.js]
[jsoneditoronline.org/images/news/happy-new-year-small.webp]
[jsoneditoronline.org/images/news/keep_history.png]
[jsoneditoronline.org/pricing/index.html]
[jsoneditoronline.org/images/news/transform_switch_query_language.png]
[jsoneditoronline.org/images/news/table_mode_search_and_replace.png]
[jsoneditoronline.org/index.html]
[jsoneditoronline.org/images/news/smart_json_formatting.png]
[jsoneditoronline.org/features/index.html]
[jsoneditoronline.org/docs/index.html]
[jsoneditoronline.org/images/header_background.png]
[jsoneditoronline.org/indepth/index.html]
[jsoneditoronline.org/feedback/index.html]
[jsoneditoronline.org/_astro/about.BypuwuXl.css]
[jsoneditoronline.org/images/header_background@2x.png]
[jsoneditoronline.org/_astro/JSONEditorModal_svelte_svelte_type_style_lang.BTMSepaS.css]
[jsoneditoronline.org/_astro/JSONNode_svelte_svelte_type_style_lang.BoNv-YGB.css]
[jsoneditoronline.org/_astro/Select_svelte_svelte_type_style_lang.BlsuIUgM.css]
[jsoneditoronline.org/_astro/TableMode_svelte_svelte_type_style_lang.L0XTW6cY.css]
[jsoneditoronline.org/_astro/TextMode_svelte_svelte_type_style_lang.0k_ncflb.css]
[jsoneditoronline.org/_astro/TransformModal_svelte_svelte_type_style_lang.Bolwy2Kc.css]
[jsoneditoronline.org/indepth/beautify/beautify-json/index.html]
[jsoneditoronline.org/_astro/App.DztbREUB.css]
[jsoneditoronline.org/_astro/JSONEditorPanel.DFsqhqUZ.css]
[jsoneditoronline.org/t.html]
[jsoneditoronline.org/indepth/other/happy-new-year-2025/index.html]
[jsoneditoronline.org/indepth/query/jsonquery/index.html]
[jsoneditoronline.org/pricing/index.html]
[jsoneditoronline.org/indepth/beautify/smart-json-formatting/index.html]
[jsoneditoronline.org/privacy-policy/index.html]
[jsoneditoronline.org/indepth/tools/4-handy-categories-of-json-tools/index.html]
[jsoneditoronline.org/features/index.html]
[jsoneditoronline.org/indepth/parse/fix-json/index.html]
[jsoneditoronline.org/pricing/t.html]
[jsoneditoronline.org/changelog/index.html]
[jsoneditoronline.org/features/t.html]
[jsoneditoronline.org/docs/t.html]
[jsoneditoronline.org/_astro/panels.Bm-v6kHP_Z1uMFkf.png]
[jsoneditoronline.org/_astro/modes.HxZr4NO-_Z8rWG6.png]
[jsoneditoronline.org/_astro/textmode.BmLan0q8_Z1BLeSC.png]
[jsoneditoronline.org/_astro/treemode.BN3VG7lC_1h7cQQ.png]
[jsoneditoronline.org/_astro/tablemode.DXMc5L78_2rB6KL.png]
[jsoneditoronline.org/_astro/edit_text_mode.C7qnybMJ_ZF5PrY.png]
[jsoneditoronline.org/_astro/edit_tree_mode.B1s2bWI3_2a6O2K.gif]
[jsoneditoronline.org/_astro/edit_table_mode.liQT6Wji_dF0WG.png]
[jsoneditoronline.org/_astro/context_menu_replace.CHv0_WQK_KOy0i.png]
[jsoneditoronline.org/_astro/context_menu_insert.C77U70AC_Z1JGrmY.png]
[jsoneditoronline.org/_astro/format_compact.Df7xtaGd_Z2cdQBh.png]
[jsoneditoronline.org/_astro/copy_formatted_compact.DRF23yzs_ZgTmPW.png]
[jsoneditoronline.org/_astro/sort.BfsrNMrB_Z17vIec.png]
[jsoneditoronline.org/_astro/transform.CqstFpsT_2eazy0.png]
[jsoneditoronline.org/_astro/transform_switch_query_language.COCD6UuP_1YmE0k.png]
[jsoneditoronline.org/_astro/compare.CeFUArSf_Z27shHm.png]
[jsoneditoronline.org/_astro/repair.BBm2CQuL_2rExNb.png]
[jsoneditoronline.org/_astro/json_schema_validation.2NWN45Tm_ZWb3qu.png]
[jsoneditoronline.org/_astro/configure_json_schema.DBroctYU_Z1ufEXJ.png]
[jsoneditoronline.org/_astro/json_schema_modal.VPS6QhpH_Z25XQyF.png]
[jsoneditoronline.org/_astro/open_file.v7JCXhtq_Z15kUFk.png]
[jsoneditoronline.org/_astro/save_file.mOr49mKK_2cuWeF.png]
[jsoneditoronline.org/_astro/open_document_properties.DdOYxOUS_Z1Pqoec.png]
[jsoneditoronline.org/_astro/document_properties_modal.X7EHlOLb_2e6c8F.png]
[jsoneditoronline.org/_astro/import_csv.B72P4ZZ7_HfN59.png]
[jsoneditoronline.org/_astro/export_csv.CoONxQnl_Z1RCjkD.png]
[jsoneditoronline.org/docs/index.html]
[jsoneditoronline.org/_astro/configuration_modal.Bzy_qwrB_Z1OBV1d.png]
[jsoneditoronline.org/indepth/convert/json-to-csv/index.html]
[jsoneditoronline.org/indepth/t.html]
[jsoneditoronline.org/_astro/new-years-day-8867131_1280.CgM53coi_136eOL.webp]
[jsoneditoronline.org/_astro/industry-3340036_1280.CBbxU5xQ_1P24lU.webp]
[jsoneditoronline.org/_astro/cooking-with-JSON-and-CSV.2d7_aJib_Z1RCUDL.webp]
[jsoneditoronline.org/_astro/Smart-JSON-Formatting.C8nt-sAG_ZvAcOd.webp]
[jsoneditoronline.org/indepth/beautify/index.html]
[jsoneditoronline.org/_astro/seagull.DcRz2uTH_23lyEO.webp]
[jsoneditoronline.org/indepth/compare/index.html]
[jsoneditoronline.org/_astro/river-rafting-960158_960_720.Y6ZkTmZW_ZeKjDh.webp]
[jsoneditoronline.org/_astro/json-alternatives-for-data.DpcwHFJi_Znp1RA.webp]
[jsoneditoronline.org/_astro/json-alternatives-for-configuration-files.CWUWYgqX_20iRT8.webp]
[jsoneditoronline.org/indepth/convert/index.html]
[jsoneditoronline.org/_astro/filter-coffee-3767936_1280.CyhI9r4h_nJHyG.webp]
[jsoneditoronline.org/indepth/data-fetching/index.html]
[jsoneditoronline.org/_astro/weight-scales-2367035-scaled.GI3EjWE__Zw5TXF.webp]
[jsoneditoronline.org/_astro/json-data.DmifrcvR_Z1xm4IB.webp]
[jsoneditoronline.org/indepth/datasets/index.html]
[jsoneditoronline.org/_astro/abstract-1392404_1280.HGfrnsoV_Z4hoE1.webp]
[jsoneditoronline.org/_astro/keys.DLv4HJN1_Z1yY96T.webp]
[jsoneditoronline.org/_astro/verified.CPwRnRif_121fHH.webp]
[jsoneditoronline.org/indepth/other/index.html]
[jsoneditoronline.org/_astro/pexels-julia-larson-6456264-scaled.CJ02ZlxC_Dn4Eb.webp]
[jsoneditoronline.org/indepth/parse/index.html]
[jsoneditoronline.org/_astro/light-bulbs-1125016_1920.Bx-OyHIj_Z1U4ypR.webp]
[jsoneditoronline.org/indepth/query/index.html]
[jsoneditoronline.org/_astro/ian-taylor-FJSospSHP74-unsplash-scaled.Ccug5TlV_1CfMe6.webp]
[jsoneditoronline.org/_astro/pexels-pixabay-164686-scaled.Bh4g5Z-4_19zE6D.webp]
[jsoneditoronline.org/_astro/butterfly-169924_1920.D6T6YvdG_ZbULQi.webp]
[jsoneditoronline.org/indepth/specification/index.html]
[jsoneditoronline.org/_astro/letter-box-460515_1920.D3lHDkeP_Z2aXQJK.webp]
[jsoneditoronline.org/_astro/apple-and-pear-1914353-scaled.W8puc53b_2lSVl9.webp]
[jsoneditoronline.org/indepth/tools/index.html]
[jsoneditoronline.org/_astro/json-to-typescript.BPWgGXhA_Z2huvcX.webp]
[jsoneditoronline.org/_astro/json-comments.DjEXgSkF_Zy4E4w.webp]
[jsoneditoronline.org/_astro/json-parse.D1IMJkDT_ZQybOO.webp]
[jsoneditoronline.org/indepth/validate/index.html]
[jsoneditoronline.org/_astro/fix-json.Zmluw34G_ikxN6.webp]
[jsoneditoronline.org/indepth/specification/tabular-json/index.html]
[jsoneditoronline.org/_astro/json-date-format.nqqGlj3R_Z1SQJMY.webp]
[jsoneditoronline.org/_astro/json-tools.eDiere4a_Z1RI0MM.webp]
[jsoneditoronline.org/_astro/parseyourjson.BYQfqxKx_Zhf7dD.webp]
[jsoneditoronline.org/indepth/other/ad-free-experience/index.html]
[jsoneditoronline.org/_astro/Json-Beautify.CPyCeYMy_Z19KPXO.webp]
[jsoneditoronline.org/indepth/index.html]
[jsoneditoronline.org/_astro/ndbe1w2l.OWv7gwz2_1c9PU.webp]
[jsoneditoronline.org/feedback/index.html]
[jsoneditoronline.org/indepth/parse/streaming-parser/index.html]
[jsoneditoronline.org/feedback/t.html]
[jsoneditoronline.org/indepth/compare/json-alternatives-for-data/index.html]
[jsoneditoronline.org/indepth/compare/json-alternatives-for-configuration-files/index.html]
[jsoneditoronline.org/_astro/Json-Beautify.CPyCeYMy.jpg]
[jsoneditoronline.org/_astro/Json-Beautify.CPyCeYMy_1zsrhR.webp]
[jsoneditoronline.org/indepth/beautify/beautify-json/t.html]
[jsoneditoronline.org/_astro/beautify_using_jsoneditoronline_tree_mode.CmLyfRqQ_Z1poNoV.png]
[jsoneditoronline.org/indepth/query/10-best-json-query-languages/index.html]
[jsoneditoronline.org/_astro/beautify_using_jsoneditoronline_code_mode.BaOxCTE5_2e1oyc.png]
[jsoneditoronline.org/indepth/compare/json-vs-csv/index.html]
[jsoneditoronline.org/_astro/beautify_using_jsoneditoronline_copy_formatted.CSgHsu51_Z17hB4a.png]
[jsoneditoronline.org/_astro/beautify_using_jsoneditoronline_save_to_disk.3giR0GZC_Z5PYPC.png]
[jsoneditoronline.org/indepth/datasets/json-file-example/index.html]
[jsoneditoronline.org/_astro/beautify_using_jsoneditoronline_menu_indentation.Mdd5esnw_ZvQwYq.png]
[jsoneditoronline.org/_astro/beautify_using_vs_code.ImFK0P_a_Z1WtlT6.png]
[jsoneditoronline.org/_astro/beautify_using_webstorm.ChlC1j1T_1YFKYV.png]
[jsoneditoronline.org/indepth/beautify/beautify-json/index.html]
[jsoneditoronline.org/_astro/new-years-day-8867131_1280.CgM53coi.webp]
[jsoneditoronline.org/indepth/query/how-to-chatgpt-json/index.html]
[jsoneditoronline.org/indepth/other/happy-new-year-2025/t.html]
[jsoneditoronline.org/indepth/other/happy-new-year-2025/index.html]
[jsoneditoronline.org/_astro/new-years-day-8867131_1280.CgM53coi_Z2wMIHc.webp]
[jsoneditoronline.org/_astro/industry-3340036_1280.CBbxU5xQ.jpg]
[jsoneditoronline.org/indepth/validate/is-json-valid/index.html]
[jsoneditoronline.org/indepth/query/jsonquery/t.html]
[jsoneditoronline.org/indepth/validate/json-schema-validator/index.html]
[jsoneditoronline.org/_astro/industry-3340036_1280.CBbxU5xQ_Z2uF3bp.webp]
[jsoneditoronline.org/_astro/jsonquery-overview.Dm4WQ1Wx_2jBBGw.svg]
[jsoneditoronline.org/indepth/query/jsonquery/index.html]
[jsoneditoronline.org/_astro/jsoneditoronline_query_wizard.BprSx8TQ_19JoyG.webp]
[jsoneditoronline.org/_astro/Smart-JSON-Formatting.C8nt-sAG.jpg]
[jsoneditoronline.org/indepth/compare/json-vs-xml/index.html]
[jsoneditoronline.org/indepth/beautify/smart-json-formatting/t.html]
[jsoneditoronline.org/_astro/Smart-JSON-Formatting.C8nt-sAG_ZxHbLL.webp]
[jsoneditoronline.org/indepth/beautify/smart-json-formatting/index.html]
[jsoneditoronline.org/_astro/smart-format-button.BKVlg-AB_228cCP.png]
[jsoneditoronline.org/indepth/specification/what-is-json/index.html]
[jsoneditoronline.org/indepth/parse/csv-parser-javascript/index.html]
[jsoneditoronline.org/changelog/index.html]
[jsoneditoronline.org/changelog/t.html]
[jsoneditoronline.org/_astro/fix-json.Zmluw34G.jpg]
[jsoneditoronline.org/indepth/query/transform-json-data/index.html]
[jsoneditoronline.org/_astro/fix-json.Zmluw34G_Zmh3De.webp]
[jsoneditoronline.org/indepth/parse/fix-json/t.html]
[jsoneditoronline.org/indepth/parse/fix-json/index.html]
[jsoneditoronline.org/_astro/repair.Deno8-ny_Z1Ftg2A.webp]
[jsoneditoronline.org/indepth/data-fetching/post-json/index.html]
[jsoneditoronline.org/_astro/json-tools.eDiere4a.jpg]
[jsoneditoronline.org/indepth/compare/json-compare/index.html]
[jsoneditoronline.org/indepth/tools/4-handy-categories-of-json-tools/t.html]
[jsoneditoronline.org/_astro/json-tools.eDiere4a_a9p3i.webp]
[jsoneditoronline.org/_astro/vscode_autocomplete_package_json.BsRe7heu_1WrmDd.webp]
[jsoneditoronline.org/_astro/json_editor_online_transform_world_data.BgyKc7jk_Zjyy2P.png]
[jsoneditoronline.org/indepth/tools/4-handy-categories-of-json-tools/index.html]
[jsoneditoronline.org/_astro/mongodb_query_world_data.Auoyjr63_YTTwR.png]
[jsoneditoronline.org/privacy-policy/index.html]
[jsoneditoronline.org/pricing/t.html]
[jsoneditoronline.org/features/t.html]
[jsoneditoronline.org/privacy-policy/t.html]
[jsoneditoronline.org/docs/t.html]
[jsoneditoronline.org/indepth/parse/json-to-typescript/index.html]
[jsoneditoronline.org/indepth/parse/json-comments/index.html]
[jsoneditoronline.org/indepth/parse/why-does-json-parse-corrupt-large-numbers/index.html]
[jsoneditoronline.org/indepth/about/index.html]
[jsoneditoronline.org/_astro/pexels-pixabay-164686-scaled.Bh4g5Z-4.jpg]
[jsoneditoronline.org/indepth/author/jos/index.html]
[jsoneditoronline.org/indepth/other/introduction/index.html]
[jsoneditoronline.org/indepth/parse/json-date-format/index.html]
[jsoneditoronline.org/indepth/parse/parse-json/index.html]
[jsoneditoronline.org/_astro/pexels-pixabay-164686-scaled.Bh4g5Z-4_Z1tu1hy.webp]
[jsoneditoronline.org/indepth/convert/json-to-csv/t.html]
[jsoneditoronline.org/_astro/open_file.Bjz2zuv-_Z1wfy8O.png]
[jsoneditoronline.org/_astro/modes.Dnqur7Z0_ZGiJ85.png]
[jsoneditoronline.org/_astro/transform.DBVd4Iwl_1KRakf.png]
[jsoneditoronline.org/_astro/save_file.CxMkM9H2_dAMGL.png]
[jsoneditoronline.org/indepth/convert/json-to-csv/index.html]
[jsoneditoronline.org/_astro/export_csv.Dq84HCXp_2mF4Xc.png]
[jsoneditoronline.org/indepth/t.html]
[jsoneditoronline.org/indepth/beautify/index.html]
[jsoneditoronline.org/indepth/beautify/t.html]
[jsoneditoronline.org/indepth/compare/index.html]
[jsoneditoronline.org/indepth/compare/t.html]
[jsoneditoronline.org/indepth/convert/index.html]
[jsoneditoronline.org/indepth/convert/t.html]
[jsoneditoronline.org/indepth/data-fetching/index.html]
[jsoneditoronline.org/indepth/data-fetching/t.html]
[jsoneditoronline.org/indepth/datasets/index.html]
[jsoneditoronline.org/indepth/datasets/t.html]
[jsoneditoronline.org/indepth/other/index.html]
[jsoneditoronline.org/indepth/other/t.html]
[jsoneditoronline.org/indepth/parse/index.html]
[jsoneditoronline.org/indepth/parse/t.html]
[jsoneditoronline.org/indepth/query/index.html]
[jsoneditoronline.org/indepth/query/t.html]
[jsoneditoronline.org/indepth/specification/index.html]
[jsoneditoronline.org/indepth/specification/t.html]
[jsoneditoronline.org/indepth/tools/index.html]
[jsoneditoronline.org/indepth/tools/t.html]
[jsoneditoronline.org/indepth/validate/index.html]
[jsoneditoronline.org/indepth/validate/t.html]
[jsoneditoronline.org/_astro/cooking-with-JSON-and-CSV.2d7_aJib.jpg]
[jsoneditoronline.org/indepth/specification/tabular-json/t.html]
[jsoneditoronline.org/indepth/specification/tabular-json/index.html]
[jsoneditoronline.org/_astro/cooking-with-JSON-and-CSV.2d7_aJib_9IUgI.webp]
[jsoneditoronline.org/_astro/seagull.DcRz2uTH.jpg]
[jsoneditoronline.org/indepth/other/ad-free-experience/t.html]
[jsoneditoronline.org/_astro/seagull.DcRz2uTH_Z1OeBnC.webp]
[jsoneditoronline.org/_astro/jsoneditoronline-without-subscription.uiKien-Q_Z1C6VHa.png]
[jsoneditoronline.org/indepth/other/ad-free-experience/index.html]
[jsoneditoronline.org/_astro/jsoneditoronline-with-subscription.DGLGUJ3C_Z1fjBDc.png]
[jsoneditoronline.org/_astro/river-rafting-960158_960_720.Y6ZkTmZW.jpg]
[jsoneditoronline.org/indepth/parse/streaming-parser/t.html]
[jsoneditoronline.org/indepth/parse/streaming-parser/index.html]
[jsoneditoronline.org/_astro/river-rafting-960158_960_720.Y6ZkTmZW_ckdaH.webp]
[jsoneditoronline.org/_astro/json-alternatives-for-data.DpcwHFJi.jpg]
[jsoneditoronline.org/indepth/compare/json-alternatives-for-data/t.html]
[jsoneditoronline.org/indepth/compare/json-alternatives-for-data/index.html]
[jsoneditoronline.org/_astro/json-alternatives-for-data.DpcwHFJi_Z1xMdGQ.webp]
[jsoneditoronline.org/_astro/json-alternatives-for-configuration-files.CWUWYgqX.jpg]
[jsoneditoronline.org/indepth/compare/json-alternatives-for-configuration-files/t.html]
[jsoneditoronline.org/indepth/compare/json-alternatives-for-configuration-files/index.html]
[jsoneditoronline.org/_astro/json-alternatives-for-configuration-files.CWUWYgqX_1Hobbr.webp]
[jsoneditoronline.org/_astro/filter-coffee-3767936_1280.CyhI9r4h.jpg]
[jsoneditoronline.org/indepth/query/10-best-json-query-languages/t.html]
[jsoneditoronline.org/indepth/query/10-best-json-query-languages/index.html]
[jsoneditoronline.org/_astro/filter-coffee-3767936_1280.CyhI9r4h_ASQNU.webp]
[jsoneditoronline.org/_astro/weight-scales-2367035-scaled.GI3EjWE_.jpg]
[jsoneditoronline.org/indepth/compare/json-vs-csv/t.html]
[jsoneditoronline.org/_astro/weight-scales-2367035-scaled.GI3EjWE__Z1uphGu.webp]
[jsoneditoronline.org/indepth/compare/json-vs-csv/index.html]
[jsoneditoronline.org/_astro/json-data.DmifrcvR.jpg]
[jsoneditoronline.org/_astro/json-data.DmifrcvR_Z16r6sq.webp]
[jsoneditoronline.org/indepth/datasets/json-file-example/index.html]
[jsoneditoronline.org/indepth/datasets/json-file-example/t.html]
[jsoneditoronline.org/_astro/abstract-1392404_1280.HGfrnsoV.jpg]
[jsoneditoronline.org/indepth/query/how-to-chatgpt-json/t.html]
[jsoneditoronline.org/_astro/abstract-1392404_1280.HGfrnsoV_ZHST3k.webp]
[jsoneditoronline.org/_astro/chatgpt-welcome-screen.Cf2ROz1K_sHGkb.png]
[jsoneditoronline.org/_astro/chatgpt-sort-data.D1zhboLd_2k2Uc0.png]
[jsoneditoronline.org/_astro/chatgpt-pick-fields.C80e1cAZ_16gUOQ.png]
[jsoneditoronline.org/_astro/chatgpt-filter-pick-sort.E0rPLOYs_mLjaw.png]
[jsoneditoronline.org/_astro/chatgpt-advanced-query.D0v8E-CR_Qk326.png]
[jsoneditoronline.org/_astro/chatgpt-convert-json-to-csv.DfjUzjLl_Z2cHdqN.png]
[jsoneditoronline.org/indepth/query/how-to-chatgpt-json/index.html]
[jsoneditoronline.org/_astro/chatgpt-convert-json-to-csv-using-csv42.FvSd1L2e_1BMoz4.png]
[jsoneditoronline.org/_astro/keys.DLv4HJN1.jpg]
[jsoneditoronline.org/_astro/keys.DLv4HJN1_1fKh77.webp]
[jsoneditoronline.org/indepth/validate/is-json-valid/index.html]
[jsoneditoronline.org/indepth/validate/is-json-valid/t.html]
[jsoneditoronline.org/_astro/verified.CPwRnRif.jpg]
[jsoneditoronline.org/_astro/verified.CPwRnRif_m9Pj4.webp]
[jsoneditoronline.org/_astro/json-schema-validator.1GIn_IxH_Z1aRaQS.svg]
[jsoneditoronline.org/indepth/validate/json-schema-validator/index.html]
[jsoneditoronline.org/indepth/validate/json-schema-validator/t.html]
[jsoneditoronline.org/_astro/pexels-julia-larson-6456264-scaled.CJ02ZlxC.jpg]
[jsoneditoronline.org/_astro/pexels-julia-larson-6456264-scaled.CJ02ZlxC_OYRdg.webp]
[jsoneditoronline.org/indepth/compare/json-vs-xml/index.html]
[jsoneditoronline.org/indepth/compare/json-vs-xml/t.html]
[jsoneditoronline.org/_astro/light-bulbs-1125016_1920.Bx-OyHIj.jpg]
[jsoneditoronline.org/indepth/specification/what-is-json/t.html]
[jsoneditoronline.org/indepth/specification/what-is-json/index.html]
[jsoneditoronline.org/_astro/light-bulbs-1125016_1920.Bx-OyHIj_Z16Sj21.webp]
[jsoneditoronline.org/_astro/ian-taylor-FJSospSHP74-unsplash-scaled.Ccug5TlV.jpg]
[jsoneditoronline.org/indepth/parse/csv-parser-javascript/t.html]
[jsoneditoronline.org/_astro/ian-taylor-FJSospSHP74-unsplash-scaled.Ccug5TlV_R6fD6.webp]
[jsoneditoronline.org/_astro/flat-json-to-csv.D0UeAlFD_Z2nRCrT.svg]
[jsoneditoronline.org/_astro/flat-csv-to-json.IvQepy4B_GFn4D.svg]
[jsoneditoronline.org/_astro/nested-json-to-csv.DA1TbvYq_Z2dpv5P.svg]
[jsoneditoronline.org/indepth/parse/csv-parser-javascript/index.html]
[jsoneditoronline.org/_astro/nested-csv-to-json.CYGYLKI9_1ltVPl.svg]
[jsoneditoronline.org/_astro/butterfly-169924_1920.D6T6YvdG.jpg]
[jsoneditoronline.org/indepth/query/transform-json-data/t.html]
[jsoneditoronline.org/_astro/butterfly-169924_1920.D6T6YvdG_1VX6i1.webp]
[jsoneditoronline.org/_astro/friends_data_compact.Dp_5ulso_2qe8AG.png]
[jsoneditoronline.org/_astro/friends_data_formatted.CDB3RAkh_ZWBe7k.png]
[jsoneditoronline.org/_astro/friends_data_in_table_mode.CkHdf-o9_f72kn.png]
[jsoneditoronline.org/_astro/friends_data_in_table_mode_sorted.RAXI0nEb_ZWoigh.png]
[jsoneditoronline.org/_astro/transform_modal_button.Z6OEnoDJ_2kQAEB.png]
[jsoneditoronline.org/_astro/transform_modal_button_between.BqTufznA_1XJgsV.png]
[jsoneditoronline.org/_astro/transform_modal_empty.BTqvN0dw_Z2rqxQ1.png]
[jsoneditoronline.org/_astro/transform_modal_sort_by_name.CFYyZtKo_Z26DOVJ.png]
[jsoneditoronline.org/_astro/transform_modal_sort_and_pick.XNSL2U9Z_26Bo2S.png]
[jsoneditoronline.org/_astro/transform_modal_sort_pick_filter.CbU1G5Xi_2smKGz.png]
[jsoneditoronline.org/_astro/transform_modal_advanced.Ds6brMXa_2eLafv.png]
[jsoneditoronline.org/indepth/query/transform-json-data/index.html]
[jsoneditoronline.org/_astro/letter-box-460515_1920.D3lHDkeP.jpg]
[jsoneditoronline.org/indepth/data-fetching/post-json/t.html]
[jsoneditoronline.org/_astro/letter-box-460515_1920.D3lHDkeP_ZLVWRN.webp]
[jsoneditoronline.org/_astro/http_get_request.DPsbpb_7_Z15N6cX.svg]
[jsoneditoronline.org/indepth/data-fetching/post-json/index.html]
[jsoneditoronline.org/_astro/http_post_request.C9baKXPM_Z16tPuv.svg]
[jsoneditoronline.org/_astro/apple-and-pear-1914353-scaled.W8puc53b.jpg]
[jsoneditoronline.org/indepth/compare/json-compare/t.html]
[jsoneditoronline.org/_astro/apple-and-pear-1914353-scaled.W8puc53b_ybud0.webp]
[jsoneditoronline.org/_astro/compare-two-files-equal-or-different.Be2f_yZ2_Z1qMAh.svg]
[jsoneditoronline.org/_astro/compare.uqMpXkWS_Z2bjRVu.png]
[jsoneditoronline.org/indepth/compare/json-compare/index.html]
[jsoneditoronline.org/_astro/comparing-two-sequences.B8hawHZJ_2iuHYE.svg]
[jsoneditoronline.org/_astro/json-to-typescript.BPWgGXhA.jpg]
[jsoneditoronline.org/indepth/parse/json-to-typescript/t.html]
[jsoneditoronline.org/indepth/parse/json-to-typescript/index.html]
[jsoneditoronline.org/_astro/json-to-typescript.BPWgGXhA_vleig.webp]
[jsoneditoronline.org/_astro/json-comments.DjEXgSkF.jpg]
[jsoneditoronline.org/indepth/parse/json-comments/t.html]
[jsoneditoronline.org/indepth/parse/json-comments/index.html]
[jsoneditoronline.org/_astro/json-comments.DjEXgSkF_Z11slCA.webp]
[jsoneditoronline.org/_astro/json-parse.D1IMJkDT.jpg]
[jsoneditoronline.org/indepth/parse/why-does-json-parse-corrupt-large-numbers/t.html]
[jsoneditoronline.org/indepth/parse/why-does-json-parse-corrupt-large-numbers/index.html]
[jsoneditoronline.org/_astro/json-parse.D1IMJkDT_1bje1g.webp]
[jsoneditoronline.org/_astro/json-date-format.nqqGlj3R.jpg]
[jsoneditoronline.org/indepth/parse/json-date-format/t.html]
[jsoneditoronline.org/indepth/parse/json-date-format/index.html]
[jsoneditoronline.org/_astro/json-date-format.nqqGlj3R_1hBYsU.webp]
[jsoneditoronline.org/_astro/parseyourjson.BYQfqxKx.jpg]
[jsoneditoronline.org/_astro/parseyourjson.BYQfqxKx_1bS2mk.webp]
[jsoneditoronline.org/_astro/parse_and_stringify_json_summary.BBE2OoJ8_G0wOk.svg]
[jsoneditoronline.org/indepth/parse/parse-json/t.html]
[jsoneditoronline.org/indepth/parse/parse-json/index.html]
[jsoneditoronline.org/_astro/parse_and_stringify_json.DnC-tTjj_Z21Moxe.svg]
[jsoneditoronline.org/_astro/ndbe1w2l.OWv7gwz2.jpg]
[jsoneditoronline.org/indepth/other/introduction/t.html]
[jsoneditoronline.org/indepth/other/introduction/index.html]
[jsoneditoronline.org/_astro/ndbe1w2l.OWv7gwz2_5SoaB.webp]
[jsoneditoronline.org/feedback/t.html]
[jsoneditoronline.org/indepth/beautify/beautify-json/t.html]
[jsoneditoronline.org/indepth/author/jos/t.html]
[jsoneditoronline.org/indepth/author/jos/index.html]
[jsoneditoronline.org/_astro/jos.DBQ0RYnB_Z1UIi1s.webp]
[jsoneditoronline.org/indepth/about/index.html]
[jsoneditoronline.org/indepth/other/happy-new-year-2025/t.html]
[jsoneditoronline.org/indepth/query/jsonquery/t.html]
[jsoneditoronline.org/_astro/jsonquery-overview.Dm4WQ1Wx_2jBBGw.svg]
[jsoneditoronline.org/indepth/beautify/smart-json-formatting/t.html]
[jsoneditoronline.org/changelog/t.html]
[jsoneditoronline.org/indepth/parse/fix-json/t.html]
[jsoneditoronline.org/indepth/tools/4-handy-categories-of-json-tools/t.html]
[jsoneditoronline.org/privacy-policy/t.html]
[jsoneditoronline.org/indepth/convert/json-to-csv/t.html]
[jsoneditoronline.org/indepth/beautify/t.html]
[jsoneditoronline.org/indepth/compare/t.html]
[jsoneditoronline.org/indepth/convert/t.html]
[jsoneditoronline.org/indepth/data-fetching/t.html]
[jsoneditoronline.org/indepth/datasets/t.html]
[jsoneditoronline.org/indepth/other/t.html]
[jsoneditoronline.org/indepth/parse/t.html]
[jsoneditoronline.org/indepth/query/t.html]
[jsoneditoronline.org/indepth/specification/t.html]
[jsoneditoronline.org/indepth/tools/t.html]
[jsoneditoronline.org/indepth/validate/t.html]
[jsoneditoronline.org/indepth/specification/tabular-json/t.html]
[jsoneditoronline.org/indepth/other/ad-free-experience/t.html]
[jsoneditoronline.org/indepth/parse/streaming-parser/t.html]
[jsoneditoronline.org/indepth/compare/json-alternatives-for-data/t.html]
[jsoneditoronline.org/indepth/compare/json-alternatives-for-configuration-files/t.html]
[jsoneditoronline.org/indepth/query/10-best-json-query-languages/t.html]
[jsoneditoronline.org/indepth/compare/json-vs-csv/t.html]
[jsoneditoronline.org/indepth/datasets/json-file-example/t.html]
[jsoneditoronline.org/indepth/query/how-to-chatgpt-json/t.html]
[jsoneditoronline.org/indepth/validate/is-json-valid/t.html]
[jsoneditoronline.org/_astro/json-schema-validator.1GIn_IxH_Z1aRaQS.svg]
[jsoneditoronline.org/indepth/validate/json-schema-validator/t.html]
[jsoneditoronline.org/indepth/compare/json-vs-xml/t.html]
[jsoneditoronline.org/indepth/specification/what-is-json/t.html]
[jsoneditoronline.org/indepth/parse/csv-parser-javascript/t.html]
[jsoneditoronline.org/_astro/flat-json-to-csv.D0UeAlFD_Z2nRCrT.svg]
[jsoneditoronline.org/_astro/flat-csv-to-json.IvQepy4B_GFn4D.svg]
[jsoneditoronline.org/_astro/nested-json-to-csv.DA1TbvYq_Z2dpv5P.svg]
[jsoneditoronline.org/_astro/nested-csv-to-json.CYGYLKI9_1ltVPl.svg]
[jsoneditoronline.org/indepth/query/transform-json-data/t.html]
[jsoneditoronline.org/indepth/data-fetching/post-json/t.html]
[jsoneditoronline.org/_astro/http_get_request.DPsbpb_7_Z15N6cX.svg]
[jsoneditoronline.org/_astro/http_post_request.C9baKXPM_Z16tPuv.svg]
[jsoneditoronline.org/indepth/compare/json-compare/t.html]
[jsoneditoronline.org/_astro/compare-two-files-equal-or-different.Be2f_yZ2_Z1qMAh.svg]
[jsoneditoronline.org/_astro/comparing-two-sequences.B8hawHZJ_2iuHYE.svg]
[jsoneditoronline.org/indepth/parse/json-to-typescript/t.html]
[jsoneditoronline.org/indepth/parse/json-comments/t.html]
[jsoneditoronline.org/indepth/parse/why-does-json-parse-corrupt-large-numbers/t.html]
[jsoneditoronline.org/indepth/parse/json-date-format/t.html]
[jsoneditoronline.org/_astro/parse_and_stringify_json_summary.BBE2OoJ8_G0wOk.svg]
[jsoneditoronline.org/indepth/parse/parse-json/t.html]
[jsoneditoronline.org/_astro/parse_and_stringify_json.DnC-tTjj_Z21Moxe.svg]
[jsoneditoronline.org/indepth/other/introduction/t.html]
[jsoneditoronline.org/indepth/author/jos/t.html]
[jsoneditoronline.org/indepth/about/t.html]
[jsoneditoronline.org/indepth/about/t.html]
